<?xml version="1.0" encoding="UTF-8"?>
<TestRun id="4d7646dc-0de4-4125-866d-5a9de513a092" name="Mikael Kjellqvist@KONSULTPC-O4 2010-02-03 15:27:00" runUser="AVEGA\Mikael Kjellqvist" xmlns="http://microsoft.com/schemas/VisualStudio/TeamTest/2006">
  <TestRunConfiguration name="Local Test Run" id="263b826b-195b-4e65-a471-0230468b937e">
    <Description>This is a default test run configuration for a local test run.</Description>
    <Deployment runDeploymentRoot="C:\Users\Mikael Kjellqvist\Documents\Visual Studio 2008\Projects\CarbonFitness\TestResults\Mikael Kjellqvist_KONSULTPC-O4 2010-02-03 15_27_00">
      <DeploymentItem filename="C:\Users\Mikael Kjellqvist\Desktop\WatiN-2.0.20.1089-net-2.0\Bin\WatiN.Core.dll" />
      <DeploymentItem filename="C:\Users\Mikael Kjellqvist\Documents\Visual Studio 2008\Projects\CarbonFitness\CarbonFitness\bin\Debug\CarbonFitness.dll" />
    </Deployment>
    <TestTypeSpecific />
  </TestRunConfiguration>
  <ResultSummary outcome="Failed">
    <Counters total="2" executed="2" error="0" failed="1" timeout="0" aborted="0" inconclusive="1" passedButRunAborted="0" notRunnable="0" notExecuted="0" disconnected="0" warning="0" passed="0" completed="0" inProgress="0" pending="0" />
  </ResultSummary>
  <Times creation="2010-02-03T15:27:00.2119174+01:00" queuing="2010-02-03T15:27:01.9999174+01:00" start="2010-02-03T15:27:02.2499174+01:00" finish="2010-02-03T15:27:33.7869174+01:00" />
  <TestDefinitions>
    <UnitTest name="Class1ConstructorTest" storage="c:\users\mikael kjellqvist\documents\visual studio 2008\projects\carbonfitness\carbonfitnesstest\bin\debug\carbonfitnesstest.dll" id="0b47b09a-6d47-22ba-7f23-36bf06801a31">
      <Css projectStructure="" iteration="" />
      <Owners>
        <Owner name="" />
      </Owners>
      <Execution id="37b32563-8b34-45e1-87d0-757f921c071d" />
      <TestMethod codeBase="C:\Users\Mikael Kjellqvist\Documents\Visual Studio 2008\Projects\CarbonFitness\CarbonFitnessTest\bin\Debug\CarbonFitnessTest.dll" adapterTypeName="Microsoft.VisualStudio.TestTools.TestTypes.Unit.UnitTestAdapter, Microsoft.VisualStudio.QualityTools.Tips.UnitTest.Adapter, Version=9.0.0.0, Culture=neutral, PublicKeyToken=b03f5f7f11d50a3a" className="CarbonFitnessTest.Class1Test, CarbonFitnessTest" name="Class1ConstructorTest" />
    </UnitTest>
    <UnitTest name="testCreateUser" storage="c:\users\mikael kjellqvist\documents\visual studio 2008\projects\carbonfitness\carbonfitnesstest\bin\debug\carbonfitnesstest.dll" id="c1831fc4-5849-5d6e-49e7-f6153823c110">
      <Css projectStructure="" iteration="" />
      <Owners>
        <Owner name="" />
      </Owners>
      <Execution id="2d9a9afd-0f75-4d64-8f5c-d2bce3f5d0f1" />
      <TestMethod codeBase="C:\Users\Mikael Kjellqvist\Documents\Visual Studio 2008\Projects\CarbonFitness\CarbonFitnessTest\bin\Debug\CarbonFitnessTest.dll" adapterTypeName="Microsoft.VisualStudio.TestTools.TestTypes.Unit.UnitTestAdapter, Microsoft.VisualStudio.QualityTools.Tips.UnitTest.Adapter, Version=9.0.0.0, Culture=neutral, PublicKeyToken=b03f5f7f11d50a3a" className="CarbonFitnessTest.CreateUserTest, CarbonFitnessTest" name="testCreateUser" />
    </UnitTest>
  </TestDefinitions>
  <TestLists>
    <TestList name="Results Not in a List" id="8c84fa94-04c1-424b-9868-57a2d4851a1d" />
    <TestList name="All Loaded Results" id="19431567-8539-422a-85d7-44ee4e166bda" />
  </TestLists>
  <TestEntries>
    <TestEntry testId="0b47b09a-6d47-22ba-7f23-36bf06801a31" executionId="37b32563-8b34-45e1-87d0-757f921c071d" testListId="8c84fa94-04c1-424b-9868-57a2d4851a1d" />
    <TestEntry testId="c1831fc4-5849-5d6e-49e7-f6153823c110" executionId="2d9a9afd-0f75-4d64-8f5c-d2bce3f5d0f1" testListId="8c84fa94-04c1-424b-9868-57a2d4851a1d" />
  </TestEntries>
  <Results>
    <UnitTestResult executionId="37b32563-8b34-45e1-87d0-757f921c071d" testId="0b47b09a-6d47-22ba-7f23-36bf06801a31" testName="Class1ConstructorTest" computerName="KONSULTPC-O4" duration="00:00:00.0304859" startTime="2010-02-03T15:27:02.3559174+01:00" endTime="2010-02-03T15:27:02.5149174+01:00" testType="13cdc9d9-ddb5-4fa4-a97d-d965ccfc6d4b" outcome="Inconclusive" testListId="8c84fa94-04c1-424b-9868-57a2d4851a1d">
      <Output>
        <ErrorInfo>
          <Message>Assert.Inconclusive failed. TODO: Implement code to verify target</Message>
          <StackTrace>   at CarbonFitnessTest.Class1Test.Class1ConstructorTest() in C:\Users\Mikael Kjellqvist\Documents\Visual Studio 2008\Projects\CarbonFitness\CarbonFitnessTest\Class1Test.cs:line 72
</StackTrace>
        </ErrorInfo>
      </Output>
    </UnitTestResult>
    <UnitTestResult executionId="2d9a9afd-0f75-4d64-8f5c-d2bce3f5d0f1" testId="c1831fc4-5849-5d6e-49e7-f6153823c110" testName="testCreateUser" computerName="KONSULTPC-O4" duration="00:00:31.2039289" startTime="2010-02-03T15:27:02.5159174+01:00" endTime="2010-02-03T15:27:33.7329174+01:00" testType="13cdc9d9-ddb5-4fa4-a97d-d965ccfc6d4b" outcome="Failed" testListId="8c84fa94-04c1-424b-9868-57a2d4851a1d">
      <Output>
        <ErrorInfo>
          <Message>Test method CarbonFitnessTest.CreateUserTest.testCreateUser threw exception:  System.Runtime.InteropServices.COMException: The interface is unknown. (Exception from HRESULT: 0x800706B5).</Message>
          <StackTrace>    at SHDocVw.InternetExplorerClass.get_Document()
   at WatiN.Core.Native.InternetExplorer.IEBrowser.get_NativeDocument()
   at WatiN.Core.Browser.OnGetNativeDocument()
   at WatiN.Core.DomContainer.get_NativeDocument()
   at WatiN.Core.Document.get_Url()
   at WatiN.Core.Element.get_NativeElement()
   at WatiN.Core.Element.GetAttributeValueImpl(String attributeName)
   at WatiN.Core.Component.GetAttributeValue(String attributeName)
   at WatiN.Core.Element.get_Id()
   at WatiN.Core.Element.get_IdOrName()
   at WatiN.Core.TextField.TypeText(String value)
   at CarbonFitnessTest.CreateUserTest.testCreateUser() in C:\Users\Mikael Kjellqvist\Documents\Visual Studio 2008\Projects\CarbonFitness\CarbonFitnessTest\CreateUserTest.cs:line 21
</StackTrace>
        </ErrorInfo>
      </Output>
    </UnitTestResult>
  </Results>
</TestRun>