<?xml version="1.0" encoding="UTF-8"?>
<TestRun id="43c6c88d-c0fa-4f82-87bc-e262fc5d5f58" name="Mikael Kjellqvist@KONSULTPC-O4 2010-02-03 16:17:19" runUser="AVEGA\Mikael Kjellqvist" xmlns="http://microsoft.com/schemas/VisualStudio/TeamTest/2006">
  <TestRunConfiguration name="Local Test Run" id="263b826b-195b-4e65-a471-0230468b937e">
    <Description>This is a default test run configuration for a local test run.</Description>
    <Deployment runDeploymentRoot="C:\Users\Mikael Kjellqvist\Documents\Visual Studio 2008\Projects\CarbonFitness\TestResults\Mikael Kjellqvist_KONSULTPC-O4 2010-02-03 16_17_19">
      <DeploymentItem filename="C:\Users\Mikael Kjellqvist\Desktop\WatiN-2.0.20.1089-net-2.0\Bin\WatiN.Core.dll" />
      <DeploymentItem filename="C:\Users\Mikael Kjellqvist\Documents\Visual Studio 2008\Projects\CarbonFitness\CarbonFitness\bin\Debug\CarbonFitness.dll" />
    </Deployment>
    <TestTypeSpecific />
  </TestRunConfiguration>
  <ResultSummary outcome="Failed">
    <Counters total="2" executed="2" error="0" failed="1" timeout="0" aborted="1" inconclusive="0" passedButRunAborted="0" notRunnable="0" notExecuted="0" disconnected="0" warning="0" passed="0" completed="0" inProgress="0" pending="0" />
  </ResultSummary>
  <Times creation="2010-02-03T16:17:19.5640224+01:00" queuing="2010-02-03T16:17:19.7380398+01:00" start="2010-02-03T16:17:19.8710531+01:00" finish="2010-02-03T16:17:54.1924849+01:00" />
  <TestDefinitions>
    <UnitTest name="testCreateUser" storage="c:\users\mikael kjellqvist\documents\visual studio 2008\projects\carbonfitness\carbonfitnesstest\bin\debug\carbonfitnesstest.dll" id="c1831fc4-5849-5d6e-49e7-f6153823c110">
      <Css projectStructure="" iteration="" />
      <Owners>
        <Owner name="" />
      </Owners>
      <Execution id="fd44c4a3-d470-4f5b-8f92-47cec0e67c38" />
      <TestMethod codeBase="C:\Users\Mikael Kjellqvist\Documents\Visual Studio 2008\Projects\CarbonFitness\CarbonFitnessTest\bin\Debug\CarbonFitnessTest.dll" adapterTypeName="Microsoft.VisualStudio.TestTools.TestTypes.Unit.UnitTestAdapter, Microsoft.VisualStudio.QualityTools.Tips.UnitTest.Adapter, Version=9.0.0.0, Culture=neutral, PublicKeyToken=b03f5f7f11d50a3a" className="CarbonFitnessTest.CreateUserTest, CarbonFitnessTest" name="testCreateUser" />
    </UnitTest>
    <UnitTest name="testCreateUserPage" storage="c:\users\mikael kjellqvist\documents\visual studio 2008\projects\carbonfitness\carbonfitnesstest\bin\debug\carbonfitnesstest.dll" id="f5128b1d-7566-980a-1ce7-b2b05754fa0b">
      <Css projectStructure="" iteration="" />
      <Owners>
        <Owner name="" />
      </Owners>
      <Execution id="20f7d938-0fcb-41b3-a232-59fc8c43892c" />
      <TestMethod codeBase="C:\Users\Mikael Kjellqvist\Documents\Visual Studio 2008\Projects\CarbonFitness\CarbonFitnessTest\bin\Debug\CarbonFitnessTest.dll" adapterTypeName="Microsoft.VisualStudio.TestTools.TestTypes.Unit.UnitTestAdapter, Microsoft.VisualStudio.QualityTools.Tips.UnitTest.Adapter, Version=9.0.0.0, Culture=neutral, PublicKeyToken=b03f5f7f11d50a3a" className="CarbonFitnessTest.CreateUserTest, CarbonFitnessTest" name="testCreateUserPage" />
    </UnitTest>
  </TestDefinitions>
  <TestLists>
    <TestList name="Results Not in a List" id="8c84fa94-04c1-424b-9868-57a2d4851a1d" />
    <TestList name="All Loaded Results" id="19431567-8539-422a-85d7-44ee4e166bda" />
  </TestLists>
  <TestEntries>
    <TestEntry testId="c1831fc4-5849-5d6e-49e7-f6153823c110" executionId="fd44c4a3-d470-4f5b-8f92-47cec0e67c38" testListId="8c84fa94-04c1-424b-9868-57a2d4851a1d" />
    <TestEntry testId="f5128b1d-7566-980a-1ce7-b2b05754fa0b" executionId="20f7d938-0fcb-41b3-a232-59fc8c43892c" testListId="8c84fa94-04c1-424b-9868-57a2d4851a1d" />
  </TestEntries>
  <Results>
    <UnitTestResult executionId="fd44c4a3-d470-4f5b-8f92-47cec0e67c38" testId="c1831fc4-5849-5d6e-49e7-f6153823c110" testName="testCreateUser" computerName="KONSULTPC-O4" duration="00:00:00.0050532" startTime="2010-02-03T16:17:19.9380598+01:00" endTime="2010-02-03T16:17:20.0220682+01:00" testType="13cdc9d9-ddb5-4fa4-a97d-d965ccfc6d4b" outcome="Failed" testListId="8c84fa94-04c1-424b-9868-57a2d4851a1d">
      <Output>
        <ErrorInfo>
          <Message>Test method CarbonFitnessTest.CreateUserTest.testCreateUser threw exception:  System.NullReferenceException: Object reference not set to an instance of an object..</Message>
          <StackTrace>    at CarbonFitnessTest.CreateUserTest.testCreateUser() in C:\Users\Mikael Kjellqvist\Documents\Visual Studio 2008\Projects\CarbonFitness\CarbonFitnessTest\CreateUserTest.cs:line 36
</StackTrace>
        </ErrorInfo>
      </Output>
    </UnitTestResult>
    <UnitTestResult executionId="20f7d938-0fcb-41b3-a232-59fc8c43892c" testId="f5128b1d-7566-980a-1ce7-b2b05754fa0b" testName="testCreateUserPage" computerName="KONSULTPC-O4" duration="00:00:18.2438242" startTime="2010-02-03T16:17:20.0270687+01:00" endTime="2010-02-03T16:17:38.2708929+01:00" testType="13cdc9d9-ddb5-4fa4-a97d-d965ccfc6d4b" outcome="Aborted" testListId="8c84fa94-04c1-424b-9868-57a2d4851a1d">
      <Output>
        <ErrorInfo>
          <Message>User aborted test run.</Message>
        </ErrorInfo>
      </Output>
    </UnitTestResult>
  </Results>
</TestRun>