<?xml version="1.0" encoding="UTF-8"?>
<TestRun id="7a65053b-ef46-4eaf-a47e-91128ef5252d" name="Tomas@TOMASPORTABLA 2010-02-04 12:11:19" runUser="TomasPortabla\Tomas" xmlns="http://microsoft.com/schemas/VisualStudio/TeamTest/2006">
  <TestRunConfiguration name="Local Test Run" id="263b826b-195b-4e65-a471-0230468b937e">
    <Description>This is a default test run configuration for a local test run.</Description>
    <Deployment runDeploymentRoot="D:\Development\CarbonFitness\TestResults\Tomas_TOMASPORTABLA 2010-02-04 12_11_19">
      <DeploymentItem filename="C:\Program Files\WatiN\Bin\WatiN.Core.dll" />
      <DeploymentItem filename="D:\Development\CarbonFitness\CarbonFitness\bin\Debug\CarbonFitness.dll" />
    </Deployment>
    <TestTypeSpecific />
  </TestRunConfiguration>
  <ResultSummary outcome="Error">
    <Counters total="1" error="0" failed="0" timeout="0" aborted="0" inconclusive="0" passedButRunAborted="0" notRunnable="0" notExecuted="1" disconnected="0" warning="0" passed="0" completed="0" inProgress="0" pending="0" />
    <RunInfos>
      <RunInfo computerName="TOMASPORTABLA" outcome="Error" timestamp="2010-02-04T12:11:19.9369147+01:00">
        <Text>Failed to queue test run 'Tomas@TOMASPORTABLA 2010-02-04 12:11:19': Test Run deployment issue: The location of the file or directory 'C:\Program Files\WatiN\Bin\WatiN.Core.dll' is not trusted.</Text>
        <Exception>Microsoft.VisualStudio.TestTools.TestManagement.ExecutionException: Test Run deployment issue: The location of the file or directory 'C:\Program Files\WatiN\Bin\WatiN.Core.dll' is not trusted.
   at Microsoft.VisualStudio.TestTools.TestManagement.DeploymentManager.DoDeployment(TestRun run, FileCopyService fileCopyService)
   at Microsoft.VisualStudio.TestTools.TestManagement.ControllerProxy.SetupTestRun(TestRun run, Boolean isNewTestRun, FileCopyService&amp; fileCopyService)
   at Microsoft.VisualStudio.TestTools.TestManagement.ControllerProxy.QueueTestRunWorker(Object state)</Exception>
      </RunInfo>
    </RunInfos>
  </ResultSummary>
  <Times creation="2010-02-04T12:11:19.5079147+01:00" queuing="2010-02-04T12:11:19.5079147+01:00" start="2010-02-04T12:11:19.5079147+01:00" finish="2010-02-04T12:11:19.9369147+01:00" />
  <TestDefinitions>
    <UnitTest name="testCreateUserPage" storage="d:\development\carbonfitness\carbonfitnesstest\bin\debug\carbonfitnesstest.dll" id="f5128b1d-7566-980a-1ce7-b2b05754fa0b">
      <Css projectStructure="" iteration="" />
      <Owners>
        <Owner name="" />
      </Owners>
      <TestMethod codeBase="D:\Development\CarbonFitness\CarbonFitnessTest\bin\Debug\CarbonFitnessTest.dll" adapterTypeName="Microsoft.VisualStudio.TestTools.TestTypes.Unit.UnitTestAdapter, Microsoft.VisualStudio.QualityTools.Tips.UnitTest.Adapter, Version=9.0.0.0, Culture=neutral, PublicKeyToken=b03f5f7f11d50a3a" className="CarbonFitnessTest.CreateUserTest, CarbonFitnessTest" name="testCreateUserPage" />
    </UnitTest>
  </TestDefinitions>
  <TestLists>
    <TestList name="Results Not in a List" id="8c84fa94-04c1-424b-9868-57a2d4851a1d" />
    <TestList name="All Loaded Results" id="19431567-8539-422a-85d7-44ee4e166bda" />
  </TestLists>
  <TestEntries>
    <TestEntry testId="f5128b1d-7566-980a-1ce7-b2b05754fa0b" executionId="e4ee9b2a-e4ef-48f0-ab74-7b799eb56fee" testListId="8c84fa94-04c1-424b-9868-57a2d4851a1d" />
  </TestEntries>
  <Results>
    <UnitTestResult executionId="e4ee9b2a-e4ef-48f0-ab74-7b799eb56fee" testId="f5128b1d-7566-980a-1ce7-b2b05754fa0b" testName="testCreateUserPage" computerName="TOMASPORTABLA" duration="00:00:00" startTime="0001-01-01T01:00:00.0000000+01:00" endTime="0001-01-01T01:00:00.0000000+01:00" testType="13cdc9d9-ddb5-4fa4-a97d-d965ccfc6d4b" outcome="NotExecuted" testListId="8c84fa94-04c1-424b-9868-57a2d4851a1d">
    </UnitTestResult>
  </Results>
</TestRun>