<?xml version="1.0" encoding="UTF-8"?>
<TestRun id="dabddb5c-54aa-4ca1-a366-170ea0e1b840" name="Tomas@TOMASPORTABLA 2010-02-04 13:06:24" runUser="TomasPortabla\Tomas" xmlns="http://microsoft.com/schemas/VisualStudio/TeamTest/2006">
  <TestRunConfiguration name="Local Test Run" id="263b826b-195b-4e65-a471-0230468b937e">
    <Description>This is a default test run configuration for a local test run.</Description>
    <Deployment runDeploymentRoot="D:\Development\CarbonFitness\TestResults\Tomas_TOMASPORTABLA 2010-02-04 13_06_24">
      <DeploymentItem filename="D:\Program Files\WatiN\Bin\WatiN.Core.dll" />
      <DeploymentItem filename="D:\Development\CarbonFitness\CarbonFitness\bin\Debug\CarbonFitness.dll" />
    </Deployment>
    <TestTypeSpecific />
  </TestRunConfiguration>
  <ResultSummary outcome="Failed">
    <Counters total="1" executed="1" error="0" failed="1" timeout="0" aborted="0" inconclusive="0" passedButRunAborted="0" notRunnable="0" notExecuted="0" disconnected="0" warning="0" passed="0" completed="0" inProgress="0" pending="0" />
  </ResultSummary>
  <Times creation="2010-02-04T13:06:24.7769147+01:00" queuing="2010-02-04T13:06:25.3149147+01:00" start="2010-02-04T13:06:25.6369147+01:00" finish="2010-02-04T13:07:04.6879147+01:00" />
  <TestDefinitions>
    <UnitTest name="testCreateUserPage" storage="d:\development\carbonfitness\carbonfitnesstest\bin\debug\carbonfitnesstest.dll" id="f5128b1d-7566-980a-1ce7-b2b05754fa0b">
      <Css projectStructure="" iteration="" />
      <Owners>
        <Owner name="" />
      </Owners>
      <Execution id="8b0c0030-6457-4c1c-addd-8b36e0f5f86e" />
      <TestMethod codeBase="D:\Development\CarbonFitness\CarbonFitnessTest\bin\Debug\CarbonFitnessTest.dll" adapterTypeName="Microsoft.VisualStudio.TestTools.TestTypes.Unit.UnitTestAdapter, Microsoft.VisualStudio.QualityTools.Tips.UnitTest.Adapter, Version=9.0.0.0, Culture=neutral, PublicKeyToken=b03f5f7f11d50a3a" className="CarbonFitnessTest.CreateUserTest, CarbonFitnessTest" name="testCreateUserPage" />
    </UnitTest>
  </TestDefinitions>
  <TestLists>
    <TestList name="Results Not in a List" id="8c84fa94-04c1-424b-9868-57a2d4851a1d" />
    <TestList name="All Loaded Results" id="19431567-8539-422a-85d7-44ee4e166bda" />
  </TestLists>
  <TestEntries>
    <TestEntry testId="f5128b1d-7566-980a-1ce7-b2b05754fa0b" executionId="8b0c0030-6457-4c1c-addd-8b36e0f5f86e" testListId="8c84fa94-04c1-424b-9868-57a2d4851a1d" />
  </TestEntries>
  <Results>
    <UnitTestResult executionId="8b0c0030-6457-4c1c-addd-8b36e0f5f86e" testId="f5128b1d-7566-980a-1ce7-b2b05754fa0b" testName="testCreateUserPage" computerName="TOMASPORTABLA" duration="00:00:38.3222286" startTime="2010-02-04T13:06:25.7479147+01:00" endTime="2010-02-04T13:07:04.5909147+01:00" testType="13cdc9d9-ddb5-4fa4-a97d-d965ccfc6d4b" outcome="Failed" testListId="8c84fa94-04c1-424b-9868-57a2d4851a1d">
      <Output>
        <ErrorInfo>
          <Message>Test method CarbonFitnessTest.CreateUserTest.testCreateUserPage threw exception:  WatiN.Core.Exceptions.ElementNotFoundException: Could not find INPUT (hidden) or INPUT (password) or INPUT (text) or INPUT (textarea) or TEXTAREA element tag matching criteria: Attribute 'name' equals 'username' at res://ieframe.dll/dnserror.htm#http://localhost:49639/User/Create.aspx.</Message>
          <StackTrace>    at WatiN.Core.Element.get_NativeElement()
   at WatiN.Core.Element.GetAttributeValueImpl(String attributeName)
   at WatiN.Core.Component.GetAttributeValue(String attributeName)
   at WatiN.Core.Element.get_Id()
   at WatiN.Core.Element.get_IdOrName()
   at WatiN.Core.TextField.TypeText(String value)
   at CarbonFitnessTest.CreateUserTest.testCreateUserPage() in D:\Development\CarbonFitness\CarbonFitnessTest\Integration\CreateUserTest.cs:line 18
</StackTrace>
        </ErrorInfo>
      </Output>
    </UnitTestResult>
  </Results>
</TestRun>